 
****************************************
Report : area
Design : compute_unit
Version: G-2012.06
Date   : Thu May 16 11:40:36 2013
****************************************

Library(s) Used:

    No libraries used.

Number of ports:                        46268
Number of nets:                         71757
Number of cells:                           18
Number of combinational cells:             18
Number of sequential cells:                 0
Number of macros:                           0
Number of buf/inv:                          0
Number of references:                      12

Combinational area:          0.000000
Noncombinational area:       0.000000
Net Interconnect area:    13021.563955 

Total cell area:             0.000000
Total area:               13021.563955

Hierarchical area distribution
------------------------------

                                  Global cell area          Local cell area
                                  ------------------  --------------------------- 
Hierarchical cell                 Absolute   Percent  Combi-    Noncombi-  Black
                                  Total      Total    national  national   boxes   Design
--------------------------------  ---------  -------  --------  ---------  ------  ---------
compute_unit                         0.0000      0.0    0.0000     0.0000  0.0000  compute_unit
--------------------------------  ---------  -------  --------  ---------  ------  ---------
Total                                                   0.0000     0.0000  0.0000

1
