 
****************************************
Report : timing
        -path full
        -delay max
        -max_paths 5
Design : fetch
Version: G-2012.06
Date   : Thu May 16 12:50:21 2013
****************************************

 # A fanout number of 1000 was used for high fanout net computations.

Operating Conditions: tt1p05v25c   Library: saed32rvt_tt1p05v25c
Wire Load Model Mode: enclosed

  Startpoint: scheduler/high_pr_ff[0]/dff_0/state_reg
              (rising edge-triggered flip-flop clocked by clk)
  Endpoint: pcb1/rfile0/d1[28]/state_reg
            (rising edge-triggered flip-flop clocked by clk)
  Path Group: clk
  Path Type: max

  Des/Clust/Port     Wire Load Model       Library
  ------------------------------------------------
  fetch              70000                 saed32rvt_tt1p05v25c
  fetch_DW01_add_0   8000                  saed32rvt_tt1p05v25c

  Point                                                   Incr       Path
  --------------------------------------------------------------------------
  clock clk (rise edge)                               0.000000   0.000000
  clock network delay (ideal)                         0.000000   0.000000
  scheduler/high_pr_ff[0]/dff_0/state_reg/CLK (DFFARX1_RVT)
                                                      0.000000 # 0.000000 r
  scheduler/high_pr_ff[0]/dff_0/state_reg/Q (DFFARX1_RVT)
                                                      0.097198   0.097198 r
  U8559/Y (NBUFFX2_RVT)                               0.163157   0.260355 r
  U6575/Y (NAND2X0_RVT)                               0.230861   0.491215 f
  U6025/Y (NAND2X0_RVT)                               0.115730   0.606945 r
  U6021/Y (AO22X1_RVT)                                0.167718   0.774664 r
  U6020/Y (AO221X1_RVT)                               0.143776   0.918440 r
  U6005/Y (AO22X1_RVT)                                0.155979   1.074419 r
  U6004/Y (AO221X1_RVT)                               0.143281   1.217700 r
  U5787/Y (AO22X1_RVT)                                0.149272   1.366973 r
  U5751/Y (AND2X1_RVT)                                0.117720   1.484693 r
  U5750/Y (AO221X1_RVT)                               0.128099   1.612792 r
  U5749/Y (NAND2X0_RVT)                               0.103488   1.716280 f
  U6594/Y (NAND2X0_RVT)                               0.128765   1.845045 r
  U5746/Y (AND3X1_RVT)                                0.131157   1.976202 r
  U5744/Y (AND2X1_RVT)                                0.119750   2.095952 r
  U5741/Y (AO221X1_RVT)                               0.142758   2.238709 r
  U5739/Y (OA21X1_RVT)                                0.128793   2.367502 r
  U5738/Y (AND3X1_RVT)                                0.114106   2.481608 r
  U5736/Y (AO21X1_RVT)                                0.124799   2.606407 r
  U5735/Y (AO221X1_RVT)                               0.143720   2.750128 r
  U6468/Y (AO21X1_RVT)                                0.150215   2.900342 r
  U6493/Y (AND3X1_RVT)                                0.127302   3.027644 r
  U5732/Y (AND2X1_RVT)                                0.119505   3.147149 r
  U5729/Y (AO21X1_RVT)                                0.139940   3.287089 r
  U5727/Y (AO22X1_RVT)                                0.137555   3.424644 r
  U6646/Y (AO22X1_RVT)                                0.126995   3.551640 r
  U5725/Y (OA21X1_RVT)                                0.115138   3.666777 r
  U5724/Y (AO22X1_RVT)                                0.124035   3.790812 r
  U8601/Y (OR2X2_RVT)                                 0.164600   3.955413 r
  U5715/Y (AO22X1_RVT)                                0.123401   4.078814 r
  U6378/Y (OR2X2_RVT)                                 0.159942   4.238755 r
  U6239/Y (AOI22X1_RVT)                               0.146476   4.385231 f
  U6333/Y (NAND2X0_RVT)                               0.103554   4.488786 r
  U6445/Y (AO22X1_RVT)                                0.138185   4.626971 r
  U6447/Y (XOR3X2_RVT)                                0.197074   4.824045 f
  U5704/Y (NAND2X0_RVT)                               0.125591   4.949636 r
  U6552/Y (XNOR2X1_RVT)                               0.251779   5.201415 f
  U6551/Y (NAND2X0_RVT)                               0.102268   5.303682 r
  U6549/Y (XOR2X1_RVT)                                0.228630   5.532312 f
  U6593/Y (NBUFFX2_RVT)                               0.157630   5.689942 f
  U6531/Y (AND3X1_RVT)                                0.148782   5.838725 f
  U5667/Y (AND2X1_RVT)                                0.137385   5.976110 f
  U5664/Y (NAND2X0_RVT)                               0.118762   6.094872 r
  U6579/Y (INVX0_RVT)                                 0.138293   6.233165 f
  U6782/Y (NBUFFX2_RVT)                               0.164342   6.397507 f
  U8095/Y (AOI221X1_RVT)                              0.281649   6.679156 r
  U6616/Y (AND4X1_RVT)                                0.122660   6.801816 r
  U6615/Y (NAND2X0_RVT)                               0.115419   6.917235 f
  pcb1/a1/add_9/A[15] (fetch_DW01_add_0)              0.000000   6.917235 f
  pcb1/a1/add_9/U120/Y (AND2X1_RVT)                   0.171797   7.089032 f
  pcb1/a1/add_9/U103/Y (AND2X1_RVT)                   0.042556   7.131588 f
  pcb1/a1/add_9/U102/Y (AND2X1_RVT)                   0.036787   7.168375 f
  pcb1/a1/add_9/U90/Y (AND2X1_RVT)                    0.041672   7.210047 f
  pcb1/a1/add_9/U56/Y (AND2X1_RVT)                    0.043524   7.253572 f
  pcb1/a1/add_9/U81/Y (AND2X1_RVT)                    0.044538   7.298109 f
  pcb1/a1/add_9/U119/Y (XOR2X1_RVT)                   0.084152   7.382261 r
  pcb1/a1/add_9/SUM[28] (fetch_DW01_add_0)            0.000000   7.382261 r
  U7525/Y (NBUFFX2_RVT)                               0.176534   7.558795 r
  U2867/Y (AO222X1_RVT)                               0.305452   7.864247 r
  pcb1/rfile0/d1[28]/state_reg/D (DFFARX1_RVT)        0.097517   7.961765 r
  data arrival time                                              7.961765

  clock clk (rise edge)                               8.000000   8.000000
  clock network delay (ideal)                         0.000000   8.000000
  pcb1/rfile0/d1[28]/state_reg/CLK (DFFARX1_RVT)      0.000000   8.000000 r
  library setup time                                  -0.035865  7.964135
  data required time                                             7.964135
  --------------------------------------------------------------------------
  data required time                                             7.964135
  data arrival time                                              -7.961765
  --------------------------------------------------------------------------
  slack (MET)                                                    0.002370


  Startpoint: scheduler/high_pr_ff[0]/dff_0/state_reg
              (rising edge-triggered flip-flop clocked by clk)
  Endpoint: pcb1/rfile1/d1[28]/state_reg
            (rising edge-triggered flip-flop clocked by clk)
  Path Group: clk
  Path Type: max

  Des/Clust/Port     Wire Load Model       Library
  ------------------------------------------------
  fetch              70000                 saed32rvt_tt1p05v25c
  fetch_DW01_add_0   8000                  saed32rvt_tt1p05v25c

  Point                                                   Incr       Path
  --------------------------------------------------------------------------
  clock clk (rise edge)                               0.000000   0.000000
  clock network delay (ideal)                         0.000000   0.000000
  scheduler/high_pr_ff[0]/dff_0/state_reg/CLK (DFFARX1_RVT)
                                                      0.000000 # 0.000000 r
  scheduler/high_pr_ff[0]/dff_0/state_reg/Q (DFFARX1_RVT)
                                                      0.097198   0.097198 r
  U8559/Y (NBUFFX2_RVT)                               0.163157   0.260355 r
  U6575/Y (NAND2X0_RVT)                               0.230861   0.491215 f
  U6025/Y (NAND2X0_RVT)                               0.115730   0.606945 r
  U6021/Y (AO22X1_RVT)                                0.167718   0.774664 r
  U6020/Y (AO221X1_RVT)                               0.143776   0.918440 r
  U6005/Y (AO22X1_RVT)                                0.155979   1.074419 r
  U6004/Y (AO221X1_RVT)                               0.143281   1.217700 r
  U5787/Y (AO22X1_RVT)                                0.149272   1.366973 r
  U5751/Y (AND2X1_RVT)                                0.117720   1.484693 r
  U5750/Y (AO221X1_RVT)                               0.128099   1.612792 r
  U5749/Y (NAND2X0_RVT)                               0.103488   1.716280 f
  U6594/Y (NAND2X0_RVT)                               0.128765   1.845045 r
  U5746/Y (AND3X1_RVT)                                0.131157   1.976202 r
  U5744/Y (AND2X1_RVT)                                0.119750   2.095952 r
  U5741/Y (AO221X1_RVT)                               0.142758   2.238709 r
  U5739/Y (OA21X1_RVT)                                0.128793   2.367502 r
  U5738/Y (AND3X1_RVT)                                0.114106   2.481608 r
  U5736/Y (AO21X1_RVT)                                0.124799   2.606407 r
  U5735/Y (AO221X1_RVT)                               0.143720   2.750128 r
  U6468/Y (AO21X1_RVT)                                0.150215   2.900342 r
  U6493/Y (AND3X1_RVT)                                0.127302   3.027644 r
  U5732/Y (AND2X1_RVT)                                0.119505   3.147149 r
  U5729/Y (AO21X1_RVT)                                0.139940   3.287089 r
  U5727/Y (AO22X1_RVT)                                0.137555   3.424644 r
  U6646/Y (AO22X1_RVT)                                0.126995   3.551640 r
  U5725/Y (OA21X1_RVT)                                0.115138   3.666777 r
  U5724/Y (AO22X1_RVT)                                0.124035   3.790812 r
  U8601/Y (OR2X2_RVT)                                 0.164600   3.955413 r
  U5715/Y (AO22X1_RVT)                                0.123401   4.078814 r
  U6378/Y (OR2X2_RVT)                                 0.159942   4.238755 r
  U6239/Y (AOI22X1_RVT)                               0.146476   4.385231 f
  U6333/Y (NAND2X0_RVT)                               0.103554   4.488786 r
  U6445/Y (AO22X1_RVT)                                0.138185   4.626971 r
  U6447/Y (XOR3X2_RVT)                                0.197074   4.824045 f
  U5704/Y (NAND2X0_RVT)                               0.125591   4.949636 r
  U6552/Y (XNOR2X1_RVT)                               0.251779   5.201415 f
  U6551/Y (NAND2X0_RVT)                               0.102268   5.303682 r
  U6549/Y (XOR2X1_RVT)                                0.228630   5.532312 f
  U6593/Y (NBUFFX2_RVT)                               0.157630   5.689942 f
  U6531/Y (AND3X1_RVT)                                0.148782   5.838725 f
  U5667/Y (AND2X1_RVT)                                0.137385   5.976110 f
  U5664/Y (NAND2X0_RVT)                               0.118762   6.094872 r
  U6579/Y (INVX0_RVT)                                 0.138293   6.233165 f
  U6782/Y (NBUFFX2_RVT)                               0.164342   6.397507 f
  U8095/Y (AOI221X1_RVT)                              0.281649   6.679156 r
  U6616/Y (AND4X1_RVT)                                0.122660   6.801816 r
  U6615/Y (NAND2X0_RVT)                               0.115419   6.917235 f
  pcb1/a1/add_9/A[15] (fetch_DW01_add_0)              0.000000   6.917235 f
  pcb1/a1/add_9/U120/Y (AND2X1_RVT)                   0.171797   7.089032 f
  pcb1/a1/add_9/U103/Y (AND2X1_RVT)                   0.042556   7.131588 f
  pcb1/a1/add_9/U102/Y (AND2X1_RVT)                   0.036787   7.168375 f
  pcb1/a1/add_9/U90/Y (AND2X1_RVT)                    0.041672   7.210047 f
  pcb1/a1/add_9/U56/Y (AND2X1_RVT)                    0.043524   7.253572 f
  pcb1/a1/add_9/U81/Y (AND2X1_RVT)                    0.044538   7.298109 f
  pcb1/a1/add_9/U119/Y (XOR2X1_RVT)                   0.084152   7.382261 r
  pcb1/a1/add_9/SUM[28] (fetch_DW01_add_0)            0.000000   7.382261 r
  U7525/Y (NBUFFX2_RVT)                               0.176534   7.558795 r
  U2449/Y (AO222X1_RVT)                               0.305452   7.864247 r
  pcb1/rfile1/d1[28]/state_reg/D (DFFARX1_RVT)        0.097517   7.961765 r
  data arrival time                                              7.961765

  clock clk (rise edge)                               8.000000   8.000000
  clock network delay (ideal)                         0.000000   8.000000
  pcb1/rfile1/d1[28]/state_reg/CLK (DFFARX1_RVT)      0.000000   8.000000 r
  library setup time                                  -0.035865  7.964135
  data required time                                             7.964135
  --------------------------------------------------------------------------
  data required time                                             7.964135
  data arrival time                                              -7.961765
  --------------------------------------------------------------------------
  slack (MET)                                                    0.002370


  Startpoint: scheduler/high_pr_ff[0]/dff_0/state_reg
              (rising edge-triggered flip-flop clocked by clk)
  Endpoint: pcb1/rfile2/d1[28]/state_reg
            (rising edge-triggered flip-flop clocked by clk)
  Path Group: clk
  Path Type: max

  Des/Clust/Port     Wire Load Model       Library
  ------------------------------------------------
  fetch              70000                 saed32rvt_tt1p05v25c
  fetch_DW01_add_0   8000                  saed32rvt_tt1p05v25c

  Point                                                   Incr       Path
  --------------------------------------------------------------------------
  clock clk (rise edge)                               0.000000   0.000000
  clock network delay (ideal)                         0.000000   0.000000
  scheduler/high_pr_ff[0]/dff_0/state_reg/CLK (DFFARX1_RVT)
                                                      0.000000 # 0.000000 r
  scheduler/high_pr_ff[0]/dff_0/state_reg/Q (DFFARX1_RVT)
                                                      0.097198   0.097198 r
  U8559/Y (NBUFFX2_RVT)                               0.163157   0.260355 r
  U6575/Y (NAND2X0_RVT)                               0.230861   0.491215 f
  U6025/Y (NAND2X0_RVT)                               0.115730   0.606945 r
  U6021/Y (AO22X1_RVT)                                0.167718   0.774664 r
  U6020/Y (AO221X1_RVT)                               0.143776   0.918440 r
  U6005/Y (AO22X1_RVT)                                0.155979   1.074419 r
  U6004/Y (AO221X1_RVT)                               0.143281   1.217700 r
  U5787/Y (AO22X1_RVT)                                0.149272   1.366973 r
  U5751/Y (AND2X1_RVT)                                0.117720   1.484693 r
  U5750/Y (AO221X1_RVT)                               0.128099   1.612792 r
  U5749/Y (NAND2X0_RVT)                               0.103488   1.716280 f
  U6594/Y (NAND2X0_RVT)                               0.128765   1.845045 r
  U5746/Y (AND3X1_RVT)                                0.131157   1.976202 r
  U5744/Y (AND2X1_RVT)                                0.119750   2.095952 r
  U5741/Y (AO221X1_RVT)                               0.142758   2.238709 r
  U5739/Y (OA21X1_RVT)                                0.128793   2.367502 r
  U5738/Y (AND3X1_RVT)                                0.114106   2.481608 r
  U5736/Y (AO21X1_RVT)                                0.124799   2.606407 r
  U5735/Y (AO221X1_RVT)                               0.143720   2.750128 r
  U6468/Y (AO21X1_RVT)                                0.150215   2.900342 r
  U6493/Y (AND3X1_RVT)                                0.127302   3.027644 r
  U5732/Y (AND2X1_RVT)                                0.119505   3.147149 r
  U5729/Y (AO21X1_RVT)                                0.139940   3.287089 r
  U5727/Y (AO22X1_RVT)                                0.137555   3.424644 r
  U6646/Y (AO22X1_RVT)                                0.126995   3.551640 r
  U5725/Y (OA21X1_RVT)                                0.115138   3.666777 r
  U5724/Y (AO22X1_RVT)                                0.124035   3.790812 r
  U8601/Y (OR2X2_RVT)                                 0.164600   3.955413 r
  U5715/Y (AO22X1_RVT)                                0.123401   4.078814 r
  U6378/Y (OR2X2_RVT)                                 0.159942   4.238755 r
  U6239/Y (AOI22X1_RVT)                               0.146476   4.385231 f
  U6333/Y (NAND2X0_RVT)                               0.103554   4.488786 r
  U6445/Y (AO22X1_RVT)                                0.138185   4.626971 r
  U6447/Y (XOR3X2_RVT)                                0.197074   4.824045 f
  U5704/Y (NAND2X0_RVT)                               0.125591   4.949636 r
  U6552/Y (XNOR2X1_RVT)                               0.251779   5.201415 f
  U6551/Y (NAND2X0_RVT)                               0.102268   5.303682 r
  U6549/Y (XOR2X1_RVT)                                0.228630   5.532312 f
  U6593/Y (NBUFFX2_RVT)                               0.157630   5.689942 f
  U6531/Y (AND3X1_RVT)                                0.148782   5.838725 f
  U5667/Y (AND2X1_RVT)                                0.137385   5.976110 f
  U5664/Y (NAND2X0_RVT)                               0.118762   6.094872 r
  U6579/Y (INVX0_RVT)                                 0.138293   6.233165 f
  U6782/Y (NBUFFX2_RVT)                               0.164342   6.397507 f
  U8095/Y (AOI221X1_RVT)                              0.281649   6.679156 r
  U6616/Y (AND4X1_RVT)                                0.122660   6.801816 r
  U6615/Y (NAND2X0_RVT)                               0.115419   6.917235 f
  pcb1/a1/add_9/A[15] (fetch_DW01_add_0)              0.000000   6.917235 f
  pcb1/a1/add_9/U120/Y (AND2X1_RVT)                   0.171797   7.089032 f
  pcb1/a1/add_9/U103/Y (AND2X1_RVT)                   0.042556   7.131588 f
  pcb1/a1/add_9/U102/Y (AND2X1_RVT)                   0.036787   7.168375 f
  pcb1/a1/add_9/U90/Y (AND2X1_RVT)                    0.041672   7.210047 f
  pcb1/a1/add_9/U56/Y (AND2X1_RVT)                    0.043524   7.253572 f
  pcb1/a1/add_9/U81/Y (AND2X1_RVT)                    0.044538   7.298109 f
  pcb1/a1/add_9/U119/Y (XOR2X1_RVT)                   0.084152   7.382261 r
  pcb1/a1/add_9/SUM[28] (fetch_DW01_add_0)            0.000000   7.382261 r
  U7524/Y (NBUFFX2_RVT)                               0.176534   7.558795 r
  U2050/Y (AO222X1_RVT)                               0.305452   7.864247 r
  pcb1/rfile2/d1[28]/state_reg/D (DFFARX1_RVT)        0.097517   7.961765 r
  data arrival time                                              7.961765

  clock clk (rise edge)                               8.000000   8.000000
  clock network delay (ideal)                         0.000000   8.000000
  pcb1/rfile2/d1[28]/state_reg/CLK (DFFARX1_RVT)      0.000000   8.000000 r
  library setup time                                  -0.035865  7.964135
  data required time                                             7.964135
  --------------------------------------------------------------------------
  data required time                                             7.964135
  data arrival time                                              -7.961765
  --------------------------------------------------------------------------
  slack (MET)                                                    0.002370


  Startpoint: scheduler/high_pr_ff[0]/dff_0/state_reg
              (rising edge-triggered flip-flop clocked by clk)
  Endpoint: pcb1/rfile3/d1[28]/state_reg
            (rising edge-triggered flip-flop clocked by clk)
  Path Group: clk
  Path Type: max

  Des/Clust/Port     Wire Load Model       Library
  ------------------------------------------------
  fetch              70000                 saed32rvt_tt1p05v25c
  fetch_DW01_add_0   8000                  saed32rvt_tt1p05v25c

  Point                                                   Incr       Path
  --------------------------------------------------------------------------
  clock clk (rise edge)                               0.000000   0.000000
  clock network delay (ideal)                         0.000000   0.000000
  scheduler/high_pr_ff[0]/dff_0/state_reg/CLK (DFFARX1_RVT)
                                                      0.000000 # 0.000000 r
  scheduler/high_pr_ff[0]/dff_0/state_reg/Q (DFFARX1_RVT)
                                                      0.097198   0.097198 r
  U8559/Y (NBUFFX2_RVT)                               0.163157   0.260355 r
  U6575/Y (NAND2X0_RVT)                               0.230861   0.491215 f
  U6025/Y (NAND2X0_RVT)                               0.115730   0.606945 r
  U6021/Y (AO22X1_RVT)                                0.167718   0.774664 r
  U6020/Y (AO221X1_RVT)                               0.143776   0.918440 r
  U6005/Y (AO22X1_RVT)                                0.155979   1.074419 r
  U6004/Y (AO221X1_RVT)                               0.143281   1.217700 r
  U5787/Y (AO22X1_RVT)                                0.149272   1.366973 r
  U5751/Y (AND2X1_RVT)                                0.117720   1.484693 r
  U5750/Y (AO221X1_RVT)                               0.128099   1.612792 r
  U5749/Y (NAND2X0_RVT)                               0.103488   1.716280 f
  U6594/Y (NAND2X0_RVT)                               0.128765   1.845045 r
  U5746/Y (AND3X1_RVT)                                0.131157   1.976202 r
  U5744/Y (AND2X1_RVT)                                0.119750   2.095952 r
  U5741/Y (AO221X1_RVT)                               0.142758   2.238709 r
  U5739/Y (OA21X1_RVT)                                0.128793   2.367502 r
  U5738/Y (AND3X1_RVT)                                0.114106   2.481608 r
  U5736/Y (AO21X1_RVT)                                0.124799   2.606407 r
  U5735/Y (AO221X1_RVT)                               0.143720   2.750128 r
  U6468/Y (AO21X1_RVT)                                0.150215   2.900342 r
  U6493/Y (AND3X1_RVT)                                0.127302   3.027644 r
  U5732/Y (AND2X1_RVT)                                0.119505   3.147149 r
  U5729/Y (AO21X1_RVT)                                0.139940   3.287089 r
  U5727/Y (AO22X1_RVT)                                0.137555   3.424644 r
  U6646/Y (AO22X1_RVT)                                0.126995   3.551640 r
  U5725/Y (OA21X1_RVT)                                0.115138   3.666777 r
  U5724/Y (AO22X1_RVT)                                0.124035   3.790812 r
  U8601/Y (OR2X2_RVT)                                 0.164600   3.955413 r
  U5715/Y (AO22X1_RVT)                                0.123401   4.078814 r
  U6378/Y (OR2X2_RVT)                                 0.159942   4.238755 r
  U6239/Y (AOI22X1_RVT)                               0.146476   4.385231 f
  U6333/Y (NAND2X0_RVT)                               0.103554   4.488786 r
  U6445/Y (AO22X1_RVT)                                0.138185   4.626971 r
  U6447/Y (XOR3X2_RVT)                                0.197074   4.824045 f
  U5704/Y (NAND2X0_RVT)                               0.125591   4.949636 r
  U6552/Y (XNOR2X1_RVT)                               0.251779   5.201415 f
  U6551/Y (NAND2X0_RVT)                               0.102268   5.303682 r
  U6549/Y (XOR2X1_RVT)                                0.228630   5.532312 f
  U6593/Y (NBUFFX2_RVT)                               0.157630   5.689942 f
  U6531/Y (AND3X1_RVT)                                0.148782   5.838725 f
  U5667/Y (AND2X1_RVT)                                0.137385   5.976110 f
  U5664/Y (NAND2X0_RVT)                               0.118762   6.094872 r
  U6579/Y (INVX0_RVT)                                 0.138293   6.233165 f
  U6782/Y (NBUFFX2_RVT)                               0.164342   6.397507 f
  U8095/Y (AOI221X1_RVT)                              0.281649   6.679156 r
  U6616/Y (AND4X1_RVT)                                0.122660   6.801816 r
  U6615/Y (NAND2X0_RVT)                               0.115419   6.917235 f
  pcb1/a1/add_9/A[15] (fetch_DW01_add_0)              0.000000   6.917235 f
  pcb1/a1/add_9/U120/Y (AND2X1_RVT)                   0.171797   7.089032 f
  pcb1/a1/add_9/U103/Y (AND2X1_RVT)                   0.042556   7.131588 f
  pcb1/a1/add_9/U102/Y (AND2X1_RVT)                   0.036787   7.168375 f
  pcb1/a1/add_9/U90/Y (AND2X1_RVT)                    0.041672   7.210047 f
  pcb1/a1/add_9/U56/Y (AND2X1_RVT)                    0.043524   7.253572 f
  pcb1/a1/add_9/U81/Y (AND2X1_RVT)                    0.044538   7.298109 f
  pcb1/a1/add_9/U119/Y (XOR2X1_RVT)                   0.084152   7.382261 r
  pcb1/a1/add_9/SUM[28] (fetch_DW01_add_0)            0.000000   7.382261 r
  U7523/Y (NBUFFX2_RVT)                               0.176534   7.558795 r
  U1651/Y (AO222X1_RVT)                               0.305452   7.864247 r
  pcb1/rfile3/d1[28]/state_reg/D (DFFARX1_RVT)        0.097517   7.961765 r
  data arrival time                                              7.961765

  clock clk (rise edge)                               8.000000   8.000000
  clock network delay (ideal)                         0.000000   8.000000
  pcb1/rfile3/d1[28]/state_reg/CLK (DFFARX1_RVT)      0.000000   8.000000 r
  library setup time                                  -0.035865  7.964135
  data required time                                             7.964135
  --------------------------------------------------------------------------
  data required time                                             7.964135
  data arrival time                                              -7.961765
  --------------------------------------------------------------------------
  slack (MET)                                                    0.002370


  Startpoint: scheduler/high_pr_ff[0]/dff_0/state_reg
              (rising edge-triggered flip-flop clocked by clk)
  Endpoint: pcb1/rfile4/d1[28]/state_reg
            (rising edge-triggered flip-flop clocked by clk)
  Path Group: clk
  Path Type: max

  Des/Clust/Port     Wire Load Model       Library
  ------------------------------------------------
  fetch              70000                 saed32rvt_tt1p05v25c
  fetch_DW01_add_0   8000                  saed32rvt_tt1p05v25c

  Point                                                   Incr       Path
  --------------------------------------------------------------------------
  clock clk (rise edge)                               0.000000   0.000000
  clock network delay (ideal)                         0.000000   0.000000
  scheduler/high_pr_ff[0]/dff_0/state_reg/CLK (DFFARX1_RVT)
                                                      0.000000 # 0.000000 r
  scheduler/high_pr_ff[0]/dff_0/state_reg/Q (DFFARX1_RVT)
                                                      0.097198   0.097198 r
  U8559/Y (NBUFFX2_RVT)                               0.163157   0.260355 r
  U6575/Y (NAND2X0_RVT)                               0.230861   0.491215 f
  U6025/Y (NAND2X0_RVT)                               0.115730   0.606945 r
  U6021/Y (AO22X1_RVT)                                0.167718   0.774664 r
  U6020/Y (AO221X1_RVT)                               0.143776   0.918440 r
  U6005/Y (AO22X1_RVT)                                0.155979   1.074419 r
  U6004/Y (AO221X1_RVT)                               0.143281   1.217700 r
  U5787/Y (AO22X1_RVT)                                0.149272   1.366973 r
  U5751/Y (AND2X1_RVT)                                0.117720   1.484693 r
  U5750/Y (AO221X1_RVT)                               0.128099   1.612792 r
  U5749/Y (NAND2X0_RVT)                               0.103488   1.716280 f
  U6594/Y (NAND2X0_RVT)                               0.128765   1.845045 r
  U5746/Y (AND3X1_RVT)                                0.131157   1.976202 r
  U5744/Y (AND2X1_RVT)                                0.119750   2.095952 r
  U5741/Y (AO221X1_RVT)                               0.142758   2.238709 r
  U5739/Y (OA21X1_RVT)                                0.128793   2.367502 r
  U5738/Y (AND3X1_RVT)                                0.114106   2.481608 r
  U5736/Y (AO21X1_RVT)                                0.124799   2.606407 r
  U5735/Y (AO221X1_RVT)                               0.143720   2.750128 r
  U6468/Y (AO21X1_RVT)                                0.150215   2.900342 r
  U6493/Y (AND3X1_RVT)                                0.127302   3.027644 r
  U5732/Y (AND2X1_RVT)                                0.119505   3.147149 r
  U5729/Y (AO21X1_RVT)                                0.139940   3.287089 r
  U5727/Y (AO22X1_RVT)                                0.137555   3.424644 r
  U6646/Y (AO22X1_RVT)                                0.126995   3.551640 r
  U5725/Y (OA21X1_RVT)                                0.115138   3.666777 r
  U5724/Y (AO22X1_RVT)                                0.124035   3.790812 r
  U8601/Y (OR2X2_RVT)                                 0.164600   3.955413 r
  U5715/Y (AO22X1_RVT)                                0.123401   4.078814 r
  U6378/Y (OR2X2_RVT)                                 0.159942   4.238755 r
  U6239/Y (AOI22X1_RVT)                               0.146476   4.385231 f
  U6333/Y (NAND2X0_RVT)                               0.103554   4.488786 r
  U6445/Y (AO22X1_RVT)                                0.138185   4.626971 r
  U6447/Y (XOR3X2_RVT)                                0.197074   4.824045 f
  U5704/Y (NAND2X0_RVT)                               0.125591   4.949636 r
  U6552/Y (XNOR2X1_RVT)                               0.251779   5.201415 f
  U6551/Y (NAND2X0_RVT)                               0.102268   5.303682 r
  U6549/Y (XOR2X1_RVT)                                0.228630   5.532312 f
  U6593/Y (NBUFFX2_RVT)                               0.157630   5.689942 f
  U6531/Y (AND3X1_RVT)                                0.148782   5.838725 f
  U5667/Y (AND2X1_RVT)                                0.137385   5.976110 f
  U5664/Y (NAND2X0_RVT)                               0.118762   6.094872 r
  U6579/Y (INVX0_RVT)                                 0.138293   6.233165 f
  U6782/Y (NBUFFX2_RVT)                               0.164342   6.397507 f
  U8095/Y (AOI221X1_RVT)                              0.281649   6.679156 r
  U6616/Y (AND4X1_RVT)                                0.122660   6.801816 r
  U6615/Y (NAND2X0_RVT)                               0.115419   6.917235 f
  pcb1/a1/add_9/A[15] (fetch_DW01_add_0)              0.000000   6.917235 f
  pcb1/a1/add_9/U120/Y (AND2X1_RVT)                   0.171797   7.089032 f
  pcb1/a1/add_9/U103/Y (AND2X1_RVT)                   0.042556   7.131588 f
  pcb1/a1/add_9/U102/Y (AND2X1_RVT)                   0.036787   7.168375 f
  pcb1/a1/add_9/U90/Y (AND2X1_RVT)                    0.041672   7.210047 f
  pcb1/a1/add_9/U56/Y (AND2X1_RVT)                    0.043524   7.253572 f
  pcb1/a1/add_9/U81/Y (AND2X1_RVT)                    0.044538   7.298109 f
  pcb1/a1/add_9/U119/Y (XOR2X1_RVT)                   0.084152   7.382261 r
  pcb1/a1/add_9/SUM[28] (fetch_DW01_add_0)            0.000000   7.382261 r
  U7523/Y (NBUFFX2_RVT)                               0.176534   7.558795 r
  U1615/Y (AO222X1_RVT)                               0.305452   7.864247 r
  pcb1/rfile4/d1[28]/state_reg/D (DFFARX1_RVT)        0.097517   7.961765 r
  data arrival time                                              7.961765

  clock clk (rise edge)                               8.000000   8.000000
  clock network delay (ideal)                         0.000000   8.000000
  pcb1/rfile4/d1[28]/state_reg/CLK (DFFARX1_RVT)      0.000000   8.000000 r
  library setup time                                  -0.035865  7.964135
  data required time                                             7.964135
  --------------------------------------------------------------------------
  data required time                                             7.964135
  data arrival time                                              -7.961765
  --------------------------------------------------------------------------
  slack (MET)                                                    0.002370


1
